---
source: fortitude/src/rules/typing/mod.rs
expression: diagnostics
---
./resources/test/fixtures/typing/T071.f90:16:39: T071 [*] 'pReal1' does not have a default initialiser
   |
14 |         integer :: i1, i2, i3
15 |
16 |         real(kind=real64), pointer :: pReal1
   |                                       ^^^^^^ T071
17 |
18 |         integer, pointer :: pInt1 => null()
   |
   = help: Associate to a known value, such as 'null()'

ℹ Unsafe fix
13 13 | 
14 14 |         integer :: i1, i2, i3
15 15 | 
16    |-        real(kind=real64), pointer :: pReal1
   16 |+        real(kind=real64), pointer :: pReal1pReal1 => null()
17 17 | 
18 18 |         integer, pointer :: pInt1 => null()
19 19 | 

./resources/test/fixtures/typing/T071.f90:20:29: T071 [*] 'pI1' does not have a default initialiser
   |
18 |         integer, pointer :: pInt1 => null()
19 |
20 |         integer, pointer :: pI1, pI2
   |                             ^^^ T071
21 |
22 |         integer(kind=int32), pointer :: pI3 => null(), pI4
   |
   = help: Associate to a known value, such as 'null()'

ℹ Unsafe fix
17 17 | 
18 18 |         integer, pointer :: pInt1 => null()
19 19 | 
20    |-        integer, pointer :: pI1, pI2
   20 |+        integer, pointer :: pI1pI1 => null(), pI2
21 21 | 
22 22 |         integer(kind=int32), pointer :: pI3 => null(), pI4
23 23 | 

./resources/test/fixtures/typing/T071.f90:20:34: T071 [*] 'pI2' does not have a default initialiser
   |
18 |         integer, pointer :: pInt1 => null()
19 |
20 |         integer, pointer :: pI1, pI2
   |                                  ^^^ T071
21 |
22 |         integer(kind=int32), pointer :: pI3 => null(), pI4
   |
   = help: Associate to a known value, such as 'null()'

ℹ Unsafe fix
17 17 | 
18 18 |         integer, pointer :: pInt1 => null()
19 19 | 
20    |-        integer, pointer :: pI1, pI2
   20 |+        integer, pointer :: pI1, pI2pI2 => null()
21 21 | 
22 22 |         integer(kind=int32), pointer :: pI3 => null(), pI4
23 23 | 

./resources/test/fixtures/typing/T071.f90:22:56: T071 [*] 'pI4' does not have a default initialiser
   |
20 |         integer, pointer :: pI1, pI2
21 |
22 |         integer(kind=int32), pointer :: pI3 => null(), pI4
   |                                                        ^^^ T071
23 |
24 |         type(other), pointer :: pVal4 => null()
   |
   = help: Associate to a known value, such as 'null()'

ℹ Unsafe fix
19 19 | 
20 20 |         integer, pointer :: pI1, pI2
21 21 | 
22    |-        integer(kind=int32), pointer :: pI3 => null(), pI4
   22 |+        integer(kind=int32), pointer :: pI3 => null(), pI4pI4 => null()
23 23 | 
24 24 |         type(other), pointer :: pVal4 => null()
25 25 |     end type mytype
