---
source: fortitude/src/rules/bugprone/mod.rs
expression: diagnostics
snapshot_kind: text
---
./resources/test/fixtures/bugprone/B011.F90:7:22: B011 Trailing backslash
  |
5 |     real :: A
6 |
7 |     ! Just a comment \
  |                      ^ B011
8 |     A = 2.0
9 |     print *, A
  |
