---
source: fortitude/src/rules/obsolescent/mod.rs
expression: diagnostics
snapshot_kind: text
---
./resources/test/fixtures/obsolescent/OB061.f90:4:15: OB061 character 'a' uses deprecated syntax for assumed size
  |
2 | contains
3 |   subroutine char_input(a, b, c, d, e, f)
4 |     character * ( * ), intent(in) :: a
  |               ^ OB061
5 |     character*(*), intent(in) :: b
6 |     character*(len=*), intent(in) :: c
  |

./resources/test/fixtures/obsolescent/OB061.f90:5:14: OB061 character 'b' uses deprecated syntax for assumed size
  |
3 |   subroutine char_input(a, b, c, d, e, f)
4 |     character * ( * ), intent(in) :: a
5 |     character*(*), intent(in) :: b
  |              ^ OB061
6 |     character*(len=*), intent(in) :: c
7 |     character*(3), intent(in) :: d
  |

./resources/test/fixtures/obsolescent/OB061.f90:6:14: OB061 character 'c' uses deprecated syntax for assumed size
  |
4 |     character * ( * ), intent(in) :: a
5 |     character*(*), intent(in) :: b
6 |     character*(len=*), intent(in) :: c
  |              ^ OB061
7 |     character*(3), intent(in) :: d
8 |     character*(MAX_LEN), intent(in) :: e
  |

./resources/test/fixtures/obsolescent/OB061.f90:7:14: OB061 character 'd' uses deprecated syntax for assumed size
  |
5 |     character*(*), intent(in) :: b
6 |     character*(len=*), intent(in) :: c
7 |     character*(3), intent(in) :: d
  |              ^ OB061
8 |     character*(MAX_LEN), intent(in) :: e
9 |     ! these are ok
  |

./resources/test/fixtures/obsolescent/OB061.f90:8:14: OB061 character 'e' uses deprecated syntax for assumed size
   |
 6 |     character*(len=*), intent(in) :: c
 7 |     character*(3), intent(in) :: d
 8 |     character*(MAX_LEN), intent(in) :: e
   |              ^ OB061
 9 |     ! these are ok
10 |     character(*, kind) :: f
   |
