---
source: fortitude/src/rules/obsolescent/mod.rs
expression: diagnostics
snapshot_kind: text
---
./resources/test/fixtures/obsolescent/OB062.f90:5:3: OB062 [*] 'character*5' uses outdated syntax
  |
3 |   implicit none (type, external)
4 |
5 |   character*5 :: hello
  |   ^^^^^^^^^^^ OB062
6 |   character(len=5) :: world
7 |   character*   5 :: foo
  |
  = help: Replace with 'character(len=5)'

ℹ Safe fix
2 2 | 
3 3 |   implicit none (type, external)
4 4 | 
5   |-  character*5 :: hello
  5 |+  character(len=5) :: hello
6 6 |   character(len=5) :: world
7 7 |   character*   5 :: foo
8 8 |   CHARACTER   *5 :: bar

./resources/test/fixtures/obsolescent/OB062.f90:7:3: OB062 [*] 'character*5' uses outdated syntax
  |
5 |   character*5 :: hello
6 |   character(len=5) :: world
7 |   character*   5 :: foo
  |   ^^^^^^^^^^^^^^ OB062
8 |   CHARACTER   *5 :: bar
9 |   charaCTeR   *  5 :: baz
  |
  = help: Replace with 'character(len=5)'

ℹ Safe fix
4 4 | 
5 5 |   character*5 :: hello
6 6 |   character(len=5) :: world
7   |-  character*   5 :: foo
  7 |+  character(len=5) :: foo
8 8 |   CHARACTER   *5 :: bar
9 9 |   charaCTeR   *  5 :: baz
10 10 | 

./resources/test/fixtures/obsolescent/OB062.f90:8:3: OB062 [*] 'character*5' uses outdated syntax
  |
6 |   character(len=5) :: world
7 |   character*   5 :: foo
8 |   CHARACTER   *5 :: bar
  |   ^^^^^^^^^^^^^^ OB062
9 |   charaCTeR   *  5 :: baz
  |
  = help: Replace with 'character(len=5)'

ℹ Safe fix
5 5 |   character*5 :: hello
6 6 |   character(len=5) :: world
7 7 |   character*   5 :: foo
8   |-  CHARACTER   *5 :: bar
  8 |+  character(len=5) :: bar
9 9 |   charaCTeR   *  5 :: baz
10 10 | 
11 11 |   hello = "hello"

./resources/test/fixtures/obsolescent/OB062.f90:9:3: OB062 [*] 'character*5' uses outdated syntax
   |
 7 |   character*   5 :: foo
 8 |   CHARACTER   *5 :: bar
 9 |   charaCTeR   *  5 :: baz
   |   ^^^^^^^^^^^^^^^^ OB062
10 |
11 |   hello = "hello"
   |
   = help: Replace with 'character(len=5)'

ℹ Safe fix
6  6  |   character(len=5) :: world
7  7  |   character*   5 :: foo
8  8  |   CHARACTER   *5 :: bar
9     |-  charaCTeR   *  5 :: baz
   9  |+  character(len=5) :: baz
10 10 | 
11 11 |   hello = "hello"
12 12 |   world = "world"
