---
source: fortitude/src/rules/io/mod.rs
expression: diagnostics
snapshot_kind: text
---
./resources/test/fixtures/io/IO001.f90:7:3: IO001 file opened without action specifier
  |
6 |   open(123, file="test0", action="read")
7 |   open(unit=234, file="test1")
  |   ^^^^^^^^^^^^^^^^^^^^^^^^^^^^ IO001
8 |   open(unit=345, file="test2", iostat=stat)
9 |   open(unit=456, file="test3", access="append")
  |
  = help: Add 'action=read', 'action=write', or 'action=readwrite'

./resources/test/fixtures/io/IO001.f90:8:3: IO001 file opened without action specifier
   |
 6 |   open(123, file="test0", action="read")
 7 |   open(unit=234, file="test1")
 8 |   open(unit=345, file="test2", iostat=stat)
   |   ^^^^^^^^^^^^^^^^^^^^^^^^^^^^^^^^^^^^^^^^^ IO001
 9 |   open(unit=456, file="test3", access="append")
10 |   open(unit=567, file="test4", action="write", iostat=stat, access="append")
   |
   = help: Add 'action=read', 'action=write', or 'action=readwrite'

./resources/test/fixtures/io/IO001.f90:9:3: IO001 file opened without action specifier
   |
 7 |   open(unit=234, file="test1")
 8 |   open(unit=345, file="test2", iostat=stat)
 9 |   open(unit=456, file="test3", access="append")
   |   ^^^^^^^^^^^^^^^^^^^^^^^^^^^^^^^^^^^^^^^^^^^^^ IO001
10 |   open(unit=567, file="test4", action="write", iostat=stat, access="append")
11 |   open(newunit=file_unit, file="test5", action="readwrite")
   |
   = help: Add 'action=read', 'action=write', or 'action=readwrite'
